# REPORT1

### Nguyen Le Tuan Duy _ BI9-082


    nltd@nltd-VirtualBox:~$ echo hello world

>hello world

    nltd@nltd-VirtualBox:~$ passwd

>Changing password for nltd.
>(current) UNIX password: 
>Enter new UNIX password: 
>Retype new UNIX password: 
>passwd: password updated successfully

    nltd@nltd-VirtualBox:~$ date

>Tue Feb  4 22:49:59 +07 2020

    nltd@nltd-VirtualBox:~$ hostname

>nltd-VirtualBox

    nltd@nltd-VirtualBox:~$ arch

>x86_64

    nltd@nltd-VirtualBox:~$ uname -a

>Linux nltd-VirtualBox 5.3.0-28-generic #30~18.04.1-Ubuntu SMP Fri Jan 17 06:14:09 UTC 2020 x86_64 x86_64 x86_64 GNU/Linux

    nltd@nltd-VirtualBox:~$ dmesg

>[    0.000000] Linux version 5.3.0-28-generic (buildd@lcy01-amd64-009) (gcc version 7.4.0 (Ubuntu 7.4.0-1ubuntu1~18.04.1)) #30~18.04.1-Ubuntu SMP Fri Jan 17 06:14:09 UTC 2020 (Ubuntu 5.3.0-28.30~18.04.1-generic 5.3.13)
>[    0.000000] Command line: BOOT_IMAGE=/boot/vmlinuz-5.3.0-28-generic root=UUID=a13e5117-77e6-4346-85f8-7e3bbc70d43f ro quiet splash
>[    0.000000] KERNEL supported cpus:
>[    0.000000]   Intel GenuineIntel
>[    0.000000]   AMD AuthenticAMD
>[    0.000000]   Hygon HygonGenuine
>[    0.000000]   Centaur CentaurHauls
>[    0.000000]   zhaoxin   Shanghai  
>[    0.000000] x86/fpu: Supporting XSAVE feature 0x001: 'x87 floating point registers'
>[    0.000000] x86/fpu: Supporting XSAVE feature 0x002: 'SSE registers'
>[    0.000000] x86/fpu: Supporting XSAVE feature 0x004: 'AVX registers'
>[    0.000000] x86/fpu: xstate_offset[2]:  576, xstate_sizes[2]:  256
>[    0.000000] x86/fpu: Enabled xstate features 0x7, context size is 832 bytes, using 'standard' format.
>[    0.000000] BIOS-provided physical RAM map:
>[    0.000000] BIOS-e820: [mem 0x0000000000000000-0x000000000009fbff] usable
>[    0.000000] BIOS-e820: [mem 0x000000000009fc00-0x000000000009ffff] reserved
>[    0.000000] BIOS-e820: [mem 0x00000000000f0000-0x00000000000fffff] reserved
>[    0.000000] BIOS-e820: [mem 0x0000000000100000-0x000000007ffeffff] usable
>[    0.000000] BIOS-e820: [mem 0x000000007fff0000-0x000000007fffffff] ACPI data
>[    0.000000] BIOS-e820: [mem 0x00000000fec00000-0x00000000fec00fff] reserved
>[    0.000000] BIOS-e820: [mem 0x00000000fee00000-0x00000000fee00fff] reserved
>[    0.000000] BIOS-e820: [mem 0x00000000fffc0000-0x00000000ffffffff] reserved
>[    0.000000] NX (Execute Disable) protection: active
>[    0.000000] SMBIOS 2.5 present.
>[    0.000000] DMI: innotek GmbH VirtualBox/VirtualBox, BIOS VirtualBox 12/01/2006

    nltd@nltd-VirtualBox:~$ uptime

> 23:05:49 up 41 min,  1 user,  load average: 0.35, 0.16, 0.25

     nltd@nltd-VirtualBox:~$ who

>nltd     :0           2020-02-04 22:25 (:0)

    nltd@nltd-VirtualBox:~$ who am i

    nltd@nltd-VirtualBox:~$ whoami

>nltd

    nltd@nltd-VirtualBox:~$ id

>uid=1000(nltd) gid=1000(nltd) groups=1000(nltd),4(adm),24(cdrom),27(sudo),30(dip),46(plugdev),116>>>(lpadmin),126(sambashare)

    nltd@nltd-VirtualBox:~$ last

>nltd     :0           :0               Tue Feb  4 22:25   still logged in
>reboot   system boot  5.3.0-28-generic Tue Feb  4 22:24   still running
>
>wtmp begins Tue Feb  4 22:24:50 2020

    nltd@nltd-VirtualBox:~$ finger

>Command 'finger' not found, but can be installed with:
>
>sudo apt install finger

    nltd@nltd-VirtualBox:~$ w

> 23:07:42 up 42 min,  1 user,  load average: 0.32, 0.21, 0.25
>USER     TTY      FROM             LOGIN@   IDLE   JCPU   PCPU WHAT
>nltd     :0       :0               22:25   ?xdm?  57.13s  0.01s /usr/lib/gdm3/g


